Archive member included to satisfy reference by file (symbol)

/Users/kostya/Downloads/gcc-arm-none-eabi-5_4-2016q3/bin/../lib/gcc/arm-none-eabi/5.4.1/../../../../arm-none-eabi/lib/armv7e-m/fpu/libg_nano.a(lib_a-errno.o)
                              ./system/src/newlib/_sbrk.o (__errno)
/Users/kostya/Downloads/gcc-arm-none-eabi-5_4-2016q3/bin/../lib/gcc/arm-none-eabi/5.4.1/../../../../arm-none-eabi/lib/armv7e-m/fpu/libg_nano.a(lib_a-impure.o)
                              /Users/kostya/Downloads/gcc-arm-none-eabi-5_4-2016q3/bin/../lib/gcc/arm-none-eabi/5.4.1/../../../../arm-none-eabi/lib/armv7e-m/fpu/libg_nano.a(lib_a-errno.o) (_impure_ptr)
/Users/kostya/Downloads/gcc-arm-none-eabi-5_4-2016q3/bin/../lib/gcc/arm-none-eabi/5.4.1/../../../../arm-none-eabi/lib/armv7e-m/fpu/libg_nano.a(lib_a-strlen.o)
                              ./system/src/diag/Trace.o (strlen)
/Users/kostya/Downloads/gcc-arm-none-eabi-5_4-2016q3/bin/../lib/gcc/arm-none-eabi/5.4.1/../../../../arm-none-eabi/lib/armv7e-m/fpu/libg_nano.a(lib_a-vsnprintf.o)
                              ./system/src/diag/Trace.o (vsnprintf)
/Users/kostya/Downloads/gcc-arm-none-eabi-5_4-2016q3/bin/../lib/gcc/arm-none-eabi/5.4.1/../../../../arm-none-eabi/lib/armv7e-m/fpu/libg_nano.a(lib_a-nano-svfprintf.o)
                              /Users/kostya/Downloads/gcc-arm-none-eabi-5_4-2016q3/bin/../lib/gcc/arm-none-eabi/5.4.1/../../../../arm-none-eabi/lib/armv7e-m/fpu/libg_nano.a(lib_a-vsnprintf.o) (_svfprintf_r)
/Users/kostya/Downloads/gcc-arm-none-eabi-5_4-2016q3/bin/../lib/gcc/arm-none-eabi/5.4.1/../../../../arm-none-eabi/lib/armv7e-m/fpu/libg_nano.a(lib_a-nano-vfprintf_i.o)
                              /Users/kostya/Downloads/gcc-arm-none-eabi-5_4-2016q3/bin/../lib/gcc/arm-none-eabi/5.4.1/../../../../arm-none-eabi/lib/armv7e-m/fpu/libg_nano.a(lib_a-nano-svfprintf.o) (_printf_i)
/Users/kostya/Downloads/gcc-arm-none-eabi-5_4-2016q3/bin/../lib/gcc/arm-none-eabi/5.4.1/../../../../arm-none-eabi/lib/armv7e-m/fpu/libg_nano.a(lib_a-memchr.o)
                              /Users/kostya/Downloads/gcc-arm-none-eabi-5_4-2016q3/bin/../lib/gcc/arm-none-eabi/5.4.1/../../../../arm-none-eabi/lib/armv7e-m/fpu/libg_nano.a(lib_a-nano-svfprintf.o) (memchr)
/Users/kostya/Downloads/gcc-arm-none-eabi-5_4-2016q3/bin/../lib/gcc/arm-none-eabi/5.4.1/../../../../arm-none-eabi/lib/armv7e-m/fpu/libg_nano.a(lib_a-memcpy-stub.o)
                              /Users/kostya/Downloads/gcc-arm-none-eabi-5_4-2016q3/bin/../lib/gcc/arm-none-eabi/5.4.1/../../../../arm-none-eabi/lib/armv7e-m/fpu/libg_nano.a(lib_a-nano-svfprintf.o) (memcpy)
/Users/kostya/Downloads/gcc-arm-none-eabi-5_4-2016q3/bin/../lib/gcc/arm-none-eabi/5.4.1/../../../../arm-none-eabi/lib/armv7e-m/fpu/libg_nano.a(lib_a-memmove.o)
                              /Users/kostya/Downloads/gcc-arm-none-eabi-5_4-2016q3/bin/../lib/gcc/arm-none-eabi/5.4.1/../../../../arm-none-eabi/lib/armv7e-m/fpu/libg_nano.a(lib_a-nano-svfprintf.o) (memmove)
/Users/kostya/Downloads/gcc-arm-none-eabi-5_4-2016q3/bin/../lib/gcc/arm-none-eabi/5.4.1/../../../../arm-none-eabi/lib/armv7e-m/fpu/libg_nano.a(lib_a-nano-freer.o)
                              /Users/kostya/Downloads/gcc-arm-none-eabi-5_4-2016q3/bin/../lib/gcc/arm-none-eabi/5.4.1/../../../../arm-none-eabi/lib/armv7e-m/fpu/libg_nano.a(lib_a-nano-svfprintf.o) (_free_r)
/Users/kostya/Downloads/gcc-arm-none-eabi-5_4-2016q3/bin/../lib/gcc/arm-none-eabi/5.4.1/../../../../arm-none-eabi/lib/armv7e-m/fpu/libg_nano.a(lib_a-nano-mallocr.o)
                              /Users/kostya/Downloads/gcc-arm-none-eabi-5_4-2016q3/bin/../lib/gcc/arm-none-eabi/5.4.1/../../../../arm-none-eabi/lib/armv7e-m/fpu/libg_nano.a(lib_a-nano-svfprintf.o) (_malloc_r)
/Users/kostya/Downloads/gcc-arm-none-eabi-5_4-2016q3/bin/../lib/gcc/arm-none-eabi/5.4.1/../../../../arm-none-eabi/lib/armv7e-m/fpu/libg_nano.a(lib_a-nano-reallocr.o)
                              /Users/kostya/Downloads/gcc-arm-none-eabi-5_4-2016q3/bin/../lib/gcc/arm-none-eabi/5.4.1/../../../../arm-none-eabi/lib/armv7e-m/fpu/libg_nano.a(lib_a-nano-svfprintf.o) (_realloc_r)
/Users/kostya/Downloads/gcc-arm-none-eabi-5_4-2016q3/bin/../lib/gcc/arm-none-eabi/5.4.1/../../../../arm-none-eabi/lib/armv7e-m/fpu/libg_nano.a(lib_a-sbrkr.o)
                              /Users/kostya/Downloads/gcc-arm-none-eabi-5_4-2016q3/bin/../lib/gcc/arm-none-eabi/5.4.1/../../../../arm-none-eabi/lib/armv7e-m/fpu/libg_nano.a(lib_a-nano-mallocr.o) (_sbrk_r)
/Users/kostya/Downloads/gcc-arm-none-eabi-5_4-2016q3/bin/../lib/gcc/arm-none-eabi/5.4.1/../../../../arm-none-eabi/lib/armv7e-m/fpu/libg_nano.a(lib_a-mlock.o)
                              /Users/kostya/Downloads/gcc-arm-none-eabi-5_4-2016q3/bin/../lib/gcc/arm-none-eabi/5.4.1/../../../../arm-none-eabi/lib/armv7e-m/fpu/libg_nano.a(lib_a-nano-freer.o) (__malloc_lock)
/Users/kostya/Downloads/gcc-arm-none-eabi-5_4-2016q3/bin/../lib/gcc/arm-none-eabi/5.4.1/../../../../arm-none-eabi/lib/armv7e-m/fpu/libg_nano.a(lib_a-nano-msizer.o)
[...]
Memory Configuration

Name             Origin             Length             Attributes
RAM              0x0000000020000000 0x000000000000a000 xrw
CCMRAM           0x0000000010000000 0x0000000000002000 xrw
FLASH            0x0000000008000000 0x0000000000040000 xr
FLASHB1          0x0000000000000000 0x0000000000000000 xr
EXTMEMB0         0x0000000000000000 0x0000000000000000 xr
EXTMEMB1         0x0000000000000000 0x0000000000000000 xr
EXTMEMB2         0x0000000000000000 0x0000000000000000 xr
EXTMEMB3         0x0000000000000000 0x0000000000000000 xr
MEMORY_ARRAY     0x0000000020002000 0x0000000000000000 xrw
*default*        0x0000000000000000 0xffffffffffffffff

Linker script and memory map

LOAD ./system/src/stm32f3-stdperiph/stm32f30x_gpio.o
LOAD ./system/src/stm32f3-stdperiph/stm32f30x_rcc.o
LOAD ./system/src/newlib/_cxx.o
LOAD ./system/src/newlib/_exit.o
LOAD ./system/src/newlib/_sbrk.o
LOAD ./system/src/newlib/_startup.o
LOAD ./system/src/newlib/_syscalls.o
LOAD ./system/src/newlib/assert.o
LOAD ./system/src/diag/Trace.o
LOAD ./system/src/diag/trace_impl.o
LOAD ./system/src/cortexm/_initialize_hardware.o
LOAD ./system/src/cortexm/_reset_hardware.o
LOAD ./system/src/cortexm/exception_handlers.o
LOAD ./system/src/cmsis/system_stm32f30x.o
LOAD ./system/src/cmsis/vectors_stm32f30x.o
LOAD ./src/BlinkLed.o
LOAD ./src/Timer.o
LOAD ./src/_write.o
LOAD ./src/main.o
LOAD /Users/kostya/Downloads/gcc-arm-none-eabi-5_4-2016q3/bin/../lib/gcc/arm-none-eabi/5.4.1/../../../../arm-none-eabi/lib/armv7e-m/fpu/libstdc++_nano.a
LOAD /Users/kostya/Downloads/gcc-arm-none-eabi-5_4-2016q3/bin/../lib/gcc/arm-none-eabi/5.4.1/../../../../arm-none-eabi/lib/armv7e-m/fpu/libm.a
START GROUP
LOAD /Users/kostya/Downloads/gcc-arm-none-eabi-5_4-2016q3/bin/../lib/gcc/arm-none-eabi/5.4.1/armv7e-m/fpu/libgcc.a
LOAD /Users/kostya/Downloads/gcc-arm-none-eabi-5_4-2016q3/bin/../lib/gcc/arm-none-eabi/5.4.1/../../../../arm-none-eabi/lib/armv7e-m/fpu/libg_nano.a
LOAD /Users/kostya/Downloads/gcc-arm-none-eabi-5_4-2016q3/bin/../lib/gcc/arm-none-eabi/5.4.1/../../../../arm-none-eabi/lib/armv7e-m/fpu/libc_nano.a
END GROUP
START GROUP
LOAD /Users/kostya/Downloads/gcc-arm-none-eabi-5_4-2016q3/bin/../lib/gcc/arm-none-eabi/5.4.1/armv7e-m/fpu/libgcc.a
LOAD /Users/kostya/Downloads/gcc-arm-none-eabi-5_4-2016q3/bin/../lib/gcc/arm-none-eabi/5.4.1/../../../../arm-none-eabi/lib/armv7e-m/fpu/libc_nano.a
END GROUP
                0x000000002000a000                __stack = (ORIGIN (RAM) + LENGTH (RAM))
                0x000000002000a000                _estack = __stack
                0x0000000000000400                __Main_Stack_Size = 0x400
                [!provide]                        PROVIDE (_Main_Stack_Size, __Main_Stack_Size)
                0x0000000020009c00                __Main_Stack_Limit = (__stack - __Main_Stack_Size)
                [!provide]                        PROVIDE (_Main_Stack_Limit, __Main_Stack_Limit)
                0x0000000000000100                _Minimum_Stack_Size = 0x100
                0x0000000020000128                PROVIDE (_Heap_Begin, _end_noinit)
                0x0000000020009c00                PROVIDE (_Heap_Limit, (__stack - __Main_Stack_Size))

.isr_vector     0x0000000008000000      0x3ec
 FILL mask 0xff
                0x0000000008000000                __vectors_start = ABSOLUTE (.)
                0x0000000008000000                __vectors_start__ = ABSOLUTE (.)
 *(.isr_vector)
 .isr_vector    0x0000000008000000      0x188 ./system/src/cmsis/vectors_stm32f30x.o
                0x0000000008000000                __isr_vectors
 *(.cfmconfig)
 *(.after_vectors .after_vectors.*)
 .after_vectors
                0x0000000008000188      0x130 ./system/src/newlib/_startup.o
                0x0000000008000188                _start
 .after_vectors
                0x00000000080002b8      0x130 ./system/src/cortexm/exception_handlers.o
                0x00000000080002b8                Reset_Handler
                0x00000000080002c0                NMI_Handler
                0x00000000080002c4                HardFault_Handler
                0x00000000080002d8                HardFault_Handler_C
                0x0000000008000338                MemManage_Handler
                0x000000000800033c                BusFault_Handler
                0x0000000008000350                BusFault_Handler_C
                0x0000000008000384                UsageFault_Handler
                0x0000000008000398                UsageFault_Handler_C
                0x00000000080003cc                SVC_Handler
                0x00000000080003d0                DebugMon_Handler
                0x00000000080003d4                PendSV_Handler
 .after_vectors
                0x00000000080003e8        0x4 ./system/src/cmsis/vectors_stm32f30x.o
                0x00000000080003e8                TIM1_BRK_TIM15_IRQHandler
                0x00000000080003e8                TIM8_TRG_COM_IRQHandler
                0x00000000080003e8                TIM8_CC_IRQHandler
                0x00000000080003e8                TIM1_CC_IRQHandler
                0x00000000080003e8                USB_HP_IRQHandler
                0x00000000080003e8                PVD_IRQHandler
                0x00000000080003e8                EXTI3_IRQHandler
                0x00000000080003e8                EXTI0_IRQHandler
                0x00000000080003e8                I2C2_EV_IRQHandler
                0x00000000080003e8                FPU_IRQHandler
                0x00000000080003e8                EXTI2_TS_IRQHandler
                0x00000000080003e8                TIM1_UP_TIM16_IRQHandler
                0x00000000080003e8                ADC1_2_IRQHandler
                0x00000000080003e8                SPI1_IRQHandler
                0x00000000080003e8                TIM6_DAC_IRQHandler
                0x00000000080003e8                TIM8_UP_IRQHandler
                0x00000000080003e8                DMA2_Channel2_IRQHandler
                0x00000000080003e8                DMA1_Channel4_IRQHandler
                0x00000000080003e8                USART3_IRQHandler
                0x00000000080003e8                DMA1_Channel7_IRQHandler
                0x00000000080003e8                CAN1_RX1_IRQHandler
                0x00000000080003e8                UART5_IRQHandler
                0x00000000080003e8                ADC3_IRQHandler
                0x00000000080003e8                TIM4_IRQHandler
                0x00000000080003e8                DMA2_Channel1_IRQHandler
                0x00000000080003e8                I2C1_EV_IRQHandler
                0x00000000080003e8                DMA1_Channel6_IRQHandler
                0x00000000080003e8                UART4_IRQHandler
                0x00000000080003e8                DMA2_Channel4_IRQHandler
                0x00000000080003e8                TIM3_IRQHandler
                0x00000000080003e8                RCC_IRQHandler
                0x00000000080003e8                DMA1_Channel1_IRQHandler
                0x00000000080003e8                Default_Handler
                0x00000000080003e8                USBWakeUp_RMP_IRQHandler
                0x00000000080003e8                EXTI15_10_IRQHandler
                0x00000000080003e8                TIM7_IRQHandler
                0x00000000080003e8                EXTI9_5_IRQHandler
                0x00000000080003e8                TAMPER_STAMP_IRQHandler
                0x00000000080003e8                RTC_WKUP_IRQHandler
                0x00000000080003e8                SPI2_IRQHandler
                0x00000000080003e8                DMA2_Channel5_IRQHandler
                0x00000000080003e8                DMA1_Channel5_IRQHandler
                0x00000000080003e8                USB_LP_IRQHandler
                0x00000000080003e8                EXTI4_IRQHandler
                0x00000000080003e8                USB_LP_CAN1_RX0_IRQHandler
                0x00000000080003e8                TIM1_TRG_COM_TIM17_IRQHandler
                0x00000000080003e8                USB_HP_CAN1_TX_IRQHandler
                0x00000000080003e8                DMA1_Channel3_IRQHandler
                0x00000000080003e8                ADC4_IRQHandler
                0x00000000080003e8                WWDG_IRQHandler
                0x00000000080003e8                TIM2_IRQHandler
                0x00000000080003e8                COMP7_IRQHandler
                0x00000000080003e8                COMP1_2_3_IRQHandler
                0x00000000080003e8                EXTI1_IRQHandler
                0x00000000080003e8                USART2_IRQHandler
                0x00000000080003e8                COMP4_5_6_IRQHandler
                0x00000000080003e8                I2C2_ER_IRQHandler
                0x00000000080003e8                DMA1_Channel2_IRQHandler
                0x00000000080003e8                TIM8_BRK_IRQHandler
                0x00000000080003e8                CAN1_SCE_IRQHandler
                0x00000000080003e8                FLASH_IRQHandler
                0x00000000080003e8                USART1_IRQHandler
                0x00000000080003e8                SPI3_IRQHandler
                0x00000000080003e8                I2C1_ER_IRQHandler
                0x00000000080003e8                USBWakeUp_IRQHandler
                0x00000000080003e8                DMA2_Channel3_IRQHandler
                0x00000000080003e8                RTC_Alarm_IRQHandler

.inits          0x00000000080003ec       0x28
                0x00000000080003ec                __data_regions_array_start = .
                0x00000000080003ec        0x4 LONG 0x8001704 LOADADDR (.data)
                0x00000000080003f0        0x4 LONG 0x20000000 ADDR (.data)
                0x00000000080003f4        0x4 LONG 0x20000088 (ADDR (.data) + SIZEOF (.data))
                0x00000000080003f8        0x4 LONG 0x8001704 LOADADDR (.data_CCMRAM)
                0x00000000080003fc        0x4 LONG 0x10000000 ADDR (.data_CCMRAM)
                0x0000000008000400        0x4 LONG 0x10000000 (ADDR (.data_CCMRAM) + SIZEOF (.data_CCMRAM))
                0x0000000008000404                __data_regions_array_end = .
                0x0000000008000404                __bss_regions_array_start = .
                0x0000000008000404        0x4 LONG 0x20000088 ADDR (.bss)
                0x0000000008000408        0x4 LONG 0x20000128 (ADDR (.bss) + SIZEOF (.bss))
                0x000000000800040c        0x4 LONG 0x10000000 ADDR (.bss_CCMRAM)
                0x0000000008000410        0x4 LONG 0x10000000 (ADDR (.bss_CCMRAM) + SIZEOF (.bss_CCMRAM))
                0x0000000008000414                __bss_regions_array_end = .
 *(.init)
 *(.fini)
                0x0000000008000414                . = ALIGN (0x4)
                0x0000000008000414                PROVIDE (__preinit_array_start, .)
 *(.preinit_array_sysinit .preinit_array_sysinit.*)
 *(.preinit_array_platform .preinit_array_platform.*)
 *(.preinit_array .preinit_array.*)
                0x0000000008000414                PROVIDE (__preinit_array_end, .)
                0x0000000008000414                . = ALIGN (0x4)
                0x0000000008000414                PROVIDE (__init_array_start, .)
 *(SORT(.init_array.*))
 *(.init_array)
                0x0000000008000414                PROVIDE (__init_array_end, .)
                0x0000000008000414                . = ALIGN (0x4)
                0x0000000008000414                PROVIDE (__fini_array_start, .)
 *(SORT(.fini_array.*))
 *(.fini_array)
                0x0000000008000414                PROVIDE (__fini_array_end, .)

.flashtext
 *(.flashtext .flashtext.*)

.text           0x0000000008000420     0x12e3
 *(.text .text.*)
 .text.GPIO_Init
                0x0000000008000420      0x118 ./system/src/stm32f3-stdperiph/stm32f30x_gpio.o
                0x0000000008000420                GPIO_Init
 .text.GPIO_SetBits
                0x0000000008000538       0x54 ./system/src/stm32f3-stdperiph/stm32f30x_gpio.o
                0x0000000008000538                GPIO_SetBits
 .text.GPIO_ResetBits
                0x000000000800058c       0x54 ./system/src/stm32f3-stdperiph/stm32f30x_gpio.o
                0x000000000800058c                GPIO_ResetBits
 .text.RCC_AHBPeriphClockCmd
                0x00000000080005e0       0x4c ./system/src/stm32f3-stdperiph/stm32f30x_rcc.o
                0x00000000080005e0                RCC_AHBPeriphClockCmd
 .text._exit    0x000000000800062c        0x4 ./system/src/newlib/_exit.o
                0x000000000800062c                _exit
 .text.abort    0x0000000008000630       0x14 ./system/src/newlib/_exit.o
                0x0000000008000630                abort
 .text._sbrk    0x0000000008000644       0x44 ./system/src/newlib/_sbrk.o
                0x0000000008000644                _sbrk
 .text.__initialize_args
                0x0000000008000688       0x10 ./system/src/newlib/_syscalls.o
                0x0000000008000688                __initialize_args
 .text.assert_failed
                0x0000000008000698       0x14 ./system/src/newlib/assert.o
                0x0000000008000698                assert_failed
 .text.trace_printf
                0x00000000080006ac       0x30 ./system/src/diag/Trace.o
                0x00000000080006ac                trace_printf
 .text.trace_puts
                0x00000000080006dc       0x20 ./system/src/diag/Trace.o
                0x00000000080006dc                trace_puts
 .text._trace_write_semihosting_debug
                0x00000000080006fc       0x64 ./system/src/diag/trace_impl.o
 .text.trace_write
                0x0000000008000760        0x8 ./system/src/diag/trace_impl.o
                0x0000000008000760                trace_write
 .text.__initialize_hardware_early
                0x0000000008000768       0x24 ./system/src/cortexm/_initialize_hardware.o
                0x0000000008000768                __initialize_hardware_early
 .text.__initialize_hardware
                0x000000000800078c        0x8 ./system/src/cortexm/_initialize_hardware.o
                0x000000000800078c                __initialize_hardware
 .text.dumpExceptionStack
                0x0000000008000794       0xf0 ./system/src/cortexm/exception_handlers.o
                0x0000000008000794                dumpExceptionStack
 .text.isSemihosting
                0x0000000008000884       0x20 ./system/src/cortexm/exception_handlers.o
                0x0000000008000884                isSemihosting
 .text.SetSysClock
                0x00000000080008a4       0xb0 ./system/src/cmsis/system_stm32f30x.o
 .text.SystemInit
                0x0000000008000954       0x70 ./system/src/cmsis/system_stm32f30x.o
                0x0000000008000954                SystemInit
 .text.SystemCoreClockUpdate
                0x00000000080009c4       0x8c ./system/src/cmsis/system_stm32f30x.o
                0x00000000080009c4                SystemCoreClockUpdate
 .text.blink_led_init
                0x0000000008000a50       0x44 ./src/BlinkLed.o
                0x0000000008000a50                blink_led_init
 .text.timer_start
                0x0000000008000a94       0x3c ./src/Timer.o
                0x0000000008000a94                timer_start
 .text.timer_sleep
                0x0000000008000ad0       0x14 ./src/Timer.o
                0x0000000008000ad0                timer_sleep
 .text.timer_tick
                0x0000000008000ae4       0x14 ./src/Timer.o
                0x0000000008000ae4                timer_tick
 .text.SysTick_Handler
                0x0000000008000af8        0x8 ./src/Timer.o
                0x0000000008000af8                SysTick_Handler
 .text.main     0x0000000008000b00       0x40 ./src/main.o
                0x0000000008000b00                main
 .text.__errno  0x0000000008000b40        0xc /Users/kostya/Downloads/gcc-arm-none-eabi-5_4-2016q3/bin/../lib/gcc/arm-none-eabi/5.4.1/../../../../arm-none-eabi/lib/armv7e-m/fpu/libg_nano.a(lib_a-errno.o)
                0x0000000008000b40                __errno
 .text          0x0000000008000b4c       0x10 /Users/kostya/Downloads/gcc-arm-none-eabi-5_4-2016q3/bin/../lib/gcc/arm-none-eabi/5.4.1/../../../../arm-none-eabi/lib/armv7e-m/fpu/libg_nano.a(lib_a-strlen.o)
                0x0000000008000b4c                strlen
 .text._vsnprintf_r
                0x0000000008000b5c       0x56 /Users/kostya/Downloads/gcc-arm-none-eabi-5_4-2016q3/bin/../lib/gcc/arm-none-eabi/5.4.1/../../../../arm-none-eabi/lib/armv7e-m/fpu/libg_nano.a(lib_a-vsnprintf.o)
                0x0000000008000b5c                _vsnprintf_r
                0x0000000008000b5c                _vsniprintf_r
 *fill*         0x0000000008000bb2        0x2 
 .text.vsnprintf
                0x0000000008000bb4       0x1c /Users/kostya/Downloads/gcc-arm-none-eabi-5_4-2016q3/bin/../lib/gcc/arm-none-eabi/5.4.1/../../../../arm-none-eabi/lib/armv7e-m/fpu/libg_nano.a(lib_a-vsnprintf.o)
                0x0000000008000bb4                vsnprintf
                0x0000000008000bb4                vsniprintf
 .text.__ssputs_r
                0x0000000008000bd0       0xb2 /Users/kostya/Downloads/gcc-arm-none-eabi-5_4-2016q3/bin/../lib/gcc/arm-none-eabi/5.4.1/../../../../arm-none-eabi/lib/armv7e-m/fpu/libg_nano.a(lib_a-nano-svfprintf.o)
                0x0000000008000bd0                __ssputs_r
 *fill*         0x0000000008000c82        0x2 
 .text._svfprintf_r
                0x0000000008000c84      0x1e8 /Users/kostya/Downloads/gcc-arm-none-eabi-5_4-2016q3/bin/../lib/gcc/arm-none-eabi/5.4.1/../../../../arm-none-eabi/lib/armv7e-m/fpu/libg_nano.a(lib_a-nano-svfprintf.o)
                0x0000000008000c84                _svfprintf_r
                0x0000000008000c84                _svfiprintf_r
 .text._printf_common
                0x0000000008000e6c       0xec /Users/kostya/Downloads/gcc-arm-none-eabi-5_4-2016q3/bin/../lib/gcc/arm-none-eabi/5.4.1/../../../../arm-none-eabi/lib/armv7e-m/fpu/libg_nano.a(lib_a-nano-vfprintf_i.o)
                0x0000000008000e6c                _printf_common
 .text._printf_i
                0x0000000008000f58      0x24c /Users/kostya/Downloads/gcc-arm-none-eabi-5_4-2016q3/bin/../lib/gcc/arm-none-eabi/5.4.1/../../../../arm-none-eabi/lib/armv7e-m/fpu/libg_nano.a(lib_a-nano-vfprintf_i.o)
                0x0000000008000f58                _printf_i
 *fill*         0x00000000080011a4        0xc 
 .text          0x00000000080011b0       0xa0 /Users/kostya/Downloads/gcc-arm-none-eabi-5_4-2016q3/bin/../lib/gcc/arm-none-eabi/5.4.1/../../../../arm-none-eabi/lib/armv7e-m/fpu/libg_nano.a(lib_a-memchr.o)
                0x00000000080011b0                memchr
 .text.memcpy   0x0000000008001250       0x16 /Users/kostya/Downloads/gcc-arm-none-eabi-5_4-2016q3/bin/../lib/gcc/arm-none-eabi/5.4.1/../../../../arm-none-eabi/lib/armv7e-m/fpu/libg_nano.a(lib_a-memcpy-stub.o)
                0x0000000008001250                memcpy
 .text.memmove  0x0000000008001266       0x36 /Users/kostya/Downloads/gcc-arm-none-eabi-5_4-2016q3/bin/../lib/gcc/arm-none-eabi/5.4.1/../../../../arm-none-eabi/lib/armv7e-m/fpu/libg_nano.a(lib_a-memmove.o)
                0x0000000008001266                memmove
 .text._free_r  0x000000000800129c       0x9c /Users/kostya/Downloads/gcc-arm-none-eabi-5_4-2016q3/bin/../lib/gcc/arm-none-eabi/5.4.1/../../../../arm-none-eabi/lib/armv7e-m/fpu/libg_nano.a(lib_a-nano-freer.o)
                0x000000000800129c                _free_r
 .text._malloc_r
                0x0000000008001338       0xbc /Users/kostya/Downloads/gcc-arm-none-eabi-5_4-2016q3/bin/../lib/gcc/arm-none-eabi/5.4.1/../../../../arm-none-eabi/lib/armv7e-m/fpu/libg_nano.a(lib_a-nano-mallocr.o)
                0x0000000008001338                _malloc_r
 .text._realloc_r
                0x00000000080013f4       0x4c /Users/kostya/Downloads/gcc-arm-none-eabi-5_4-2016q3/bin/../lib/gcc/arm-none-eabi/5.4.1/../../../../arm-none-eabi/lib/armv7e-m/fpu/libg_nano.a(lib_a-nano-reallocr.o)
                0x00000000080013f4                _realloc_r
 .text._sbrk_r  0x0000000008001440       0x20 /Users/kostya/Downloads/gcc-arm-none-eabi-5_4-2016q3/bin/../lib/gcc/arm-none-eabi/5.4.1/../../../../arm-none-eabi/lib/armv7e-m/fpu/libg_nano.a(lib_a-sbrkr.o)
                0x0000000008001440                _sbrk_r
 .text.__malloc_lock
                0x0000000008001460        0x2 /Users/kostya/Downloads/gcc-arm-none-eabi-5_4-2016q3/bin/../lib/gcc/arm-none-eabi/5.4.1/../../../../arm-none-eabi/lib/armv7e-m/fpu/libg_nano.a(lib_a-mlock.o)
                0x0000000008001460                __malloc_lock
 .text.__malloc_unlock
                0x0000000008001462        0x2 /Users/kostya/Downloads/gcc-arm-none-eabi-5_4-2016q3/bin/../lib/gcc/arm-none-eabi/5.4.1/../../../../arm-none-eabi/lib/armv7e-m/fpu/libg_nano.a(lib_a-mlock.o)
                0x0000000008001462                __malloc_unlock
 .text._malloc_usable_size_r
                0x0000000008001464       0x14 /Users/kostya/Downloads/gcc-arm-none-eabi-5_4-2016q3/bin/../lib/gcc/arm-none-eabi/5.4.1/../../../../arm-none-eabi/lib/armv7e-m/fpu/libg_nano.a(lib_a-nano-msizer.o)
                0x0000000008001464                _malloc_usable_size_r
 *(.rodata .rodata.* .constdata .constdata.*)
 .rodata.str1.4
                0x0000000008001478       0x31 ./system/src/stm32f3-stdperiph/stm32f30x_gpio.o
 *fill*         0x00000000080014a9        0x3 
 .rodata.str1.4
                0x00000000080014ac       0x30 ./system/src/stm32f3-stdperiph/stm32f30x_rcc.o
 .rodata.str1.4
                0x00000000080014dc       0x14 ./system/src/newlib/_exit.o
 .rodata.str1.4
                0x00000000080014f0       0x6b ./system/src/newlib/assert.o
                                         0x6f (size before relaxing)
 *fill*         0x000000000800155b        0x1 
 .rodata.str1.4
                0x000000000800155c       0x29 ./system/src/diag/Trace.o
                                         0x2d (size before relaxing)
 *fill*         0x0000000008001585        0x3 
 .rodata.str1.4
                0x0000000008001588      0x148 ./system/src/cortexm/exception_handlers.o
                                        0x146 (size before relaxing)
 .rodata.str1.1
                0x00000000080016d0       0x11 /Users/kostya/Downloads/gcc-arm-none-eabi-5_4-2016q3/bin/../lib/gcc/arm-none-eabi/5.4.1/../../../../arm-none-eabi/lib/armv7e-m/fpu/libg_nano.a(lib_a-nano-svfprintf.o)
 .rodata.str1.1
                0x00000000080016e1       0x22 /Users/kostya/Downloads/gcc-arm-none-eabi-5_4-2016q3/bin/../lib/gcc/arm-none-eabi/5.4.1/../../../../arm-none-eabi/lib/armv7e-m/fpu/libg_nano.a(lib_a-nano-vfprintf_i.o)
 *(vtable)
 *(.eh_frame*)
 *(.glue_7)
 .glue_7        0x0000000008001703        0x0 linker stubs
 *(.glue_7t)
 .glue_7t       0x0000000008001703        0x0 linker stubs

.vfp11_veneer   0x0000000008001704        0x0
 .vfp11_veneer  0x0000000008001704        0x0 linker stubs

.v4_bx          0x0000000008001704        0x0
 .v4_bx         0x0000000008001704        0x0 linker stubs

.iplt           0x0000000008001704        0x0
 .iplt          0x0000000008001704        0x0 ./system/src/stm32f3-stdperiph/stm32f30x_gpio.o

.rel.dyn        0x0000000008001704        0x0
 .rel.iplt      0x0000000008001704        0x0 ./system/src/stm32f3-stdperiph/stm32f30x_gpio.o

.ARM.extab
 *(.ARM.extab* .gnu.linkonce.armextab.*)
                0x0000000008001704                . = ALIGN (0x4)
                0x0000000008001704                __exidx_start = .

.ARM.exidx
 *(.ARM.exidx* .gnu.linkonce.armexidx.*)
                0x0000000008001704                __exidx_end = .
                0x0000000008001704                . = ALIGN (0x4)
                0x0000000008001704                _etext = .
                0x0000000008001704                __etext = .

.data_CCMRAM    0x0000000010000000        0x0 load address 0x0000000008001704
 FILL mask 0xff
 *(.data.CCMRAM .data.CCMRAM.*)
                0x0000000010000000                . = ALIGN (0x4)
                0x0000000008001704                _sidata = LOADADDR (.data)

.data           0x0000000020000000       0x88 load address 0x0000000008001704
 FILL mask 0xff
                0x0000000020000000                _sdata = .
                0x0000000020000000                __data_start__ = .
 *(.data_begin .data_begin.*)
 .data_begin    0x0000000020000000        0x4 ./system/src/newlib/_startup.o
 *(.data .data.*)
 .data.argv.4292
                0x0000000020000004        0x8 ./system/src/newlib/_syscalls.o
 .data.AHBPrescTable
                0x000000002000000c       0x10 ./system/src/cmsis/system_stm32f30x.o
                0x000000002000000c                AHBPrescTable
 .data.SystemCoreClock
                0x000000002000001c        0x4 ./system/src/cmsis/system_stm32f30x.o
                0x000000002000001c                SystemCoreClock
 .data.impure_data
                0x0000000020000020       0x60 /Users/kostya/Downloads/gcc-arm-none-eabi-5_4-2016q3/bin/../lib/gcc/arm-none-eabi/5.4.1/../../../../arm-none-eabi/lib/armv7e-m/fpu/libg_nano.a(lib_a-impure.o)
 .data._impure_ptr
                0x0000000020000080        0x4 /Users/kostya/Downloads/gcc-arm-none-eabi-5_4-2016q3/bin/../lib/gcc/arm-none-eabi/5.4.1/../../../../arm-none-eabi/lib/armv7e-m/fpu/libg_nano.a(lib_a-impure.o)
                0x0000000020000080                _impure_ptr
 *(.data_end .data_end.*)
 .data_end      0x0000000020000084        0x4 ./system/src/newlib/_startup.o
                0x0000000020000088                . = ALIGN (0x4)
                0x0000000020000088                _edata = .
                0x0000000020000088                __data_end__ = .

.igot.plt       0x0000000020000088        0x0 load address 0x000000000800178c
 .igot.plt      0x0000000020000088        0x0 ./system/src/stm32f3-stdperiph/stm32f30x_gpio.o

.bss_CCMRAM     0x0000000010000000        0x0
 *(.bss.CCMRAM .bss.CCMRAM.*)

.bss            0x0000000020000088       0xa0
                0x0000000020000088                __bss_start__ = .
                0x0000000020000088                _sbss = .
 *(.bss_begin .bss_begin.*)
 .bss_begin     0x0000000020000088        0x4 ./system/src/newlib/_startup.o
 *(.bss .bss.*)
 .bss.current_heap_end.3976
                0x000000002000008c        0x4 ./system/src/newlib/_sbrk.o
 .bss.name.4291
                0x0000000020000090        0x1 ./system/src/newlib/_syscalls.o
 *fill*         0x0000000020000091        0x3 
 .bss.buf.5181  0x0000000020000094       0x80 ./system/src/diag/Trace.o
 .bss.__malloc_sbrk_start
                0x0000000020000114        0x4 /Users/kostya/Downloads/gcc-arm-none-eabi-5_4-2016q3/bin/../lib/gcc/arm-none-eabi/5.4.1/../../../../arm-none-eabi/lib/armv7e-m/fpu/libg_nano.a(lib_a-nano-mallocr.o)
                0x0000000020000114                __malloc_sbrk_start
 .bss.__malloc_free_list
                0x0000000020000118        0x4 /Users/kostya/Downloads/gcc-arm-none-eabi-5_4-2016q3/bin/../lib/gcc/arm-none-eabi/5.4.1/../../../../arm-none-eabi/lib/armv7e-m/fpu/libg_nano.a(lib_a-nano-mallocr.o)
                0x0000000020000118                __malloc_free_list
 *(COMMON)
 COMMON         0x000000002000011c        0x4 ./system/src/newlib/_syscalls.o
                0x000000002000011c                errno
 COMMON         0x0000000020000120        0x4 ./src/Timer.o
                0x0000000020000120                timer_delayCount
 *(.bss_end .bss_end.*)
 .bss_end       0x0000000020000124        0x4 ./system/src/newlib/_startup.o
                0x0000000020000128                . = ALIGN (0x4)
                0x0000000020000128                __bss_end__ = .
                0x0000000020000128                _ebss = .

.noinit_CCMRAM
 *(.noinit.CCMRAM .noinit.CCMRAM.*)

.noinit         0x0000000020000128        0x0
                0x0000000020000128                _noinit = .
 *(.noinit .noinit.*)
                0x0000000020000128                . = ALIGN (0x4)
                0x0000000020000128                _end_noinit = .
                [!provide]                        PROVIDE (end, _end_noinit)
                [!provide]                        PROVIDE (_end, _end_noinit)
                [!provide]                        PROVIDE (__end, _end_noinit)
                [!provide]                        PROVIDE (__end__, _end_noinit)

._check_stack   0x0000000020000128      0x100
                0x0000000020000228                . = (. + _Minimum_Stack_Size)
 *fill*         0x0000000020000128      0x100 

.b1text
 *(.b1text)
 *(.b1rodata)
 *(.b1rodata.*)

.eb0text
 *(.eb0text)
 *(.eb0rodata)
 *(.eb0rodata.*)

.eb1text
 *(.eb1text)
 *(.eb1rodata)
 *(.eb1rodata.*)

.eb2text
 *(.eb2text)
 *(.eb2rodata)
 *(.eb2rodata.*)

.eb3text
 *(.eb3text)
 *(.eb3rodata)
 *(.eb3rodata.*)

.stab
 *(.stab)

.stabstr
 *(.stabstr)

.stab.excl
 *(.stab.excl)

.stab.exclstr
 *(.stab.exclstr)

.stab.index
 *(.stab.index)

.stab.indexstr
 *(.stab.indexstr)

.comment        0x0000000000000000       0x6e
 *(.comment)
 .comment       0x0000000000000000       0x6e ./system/src/stm32f3-stdperiph/stm32f30x_gpio.o
                                         0x6f (size before relaxing)
 .comment       0x000000000000006e       0x6f ./system/src/stm32f3-stdperiph/stm32f30x_rcc.o
 .comment       0x000000000000006e       0x6f ./system/src/newlib/_exit.o
 .comment       0x000000000000006e       0x6f ./system/src/newlib/_sbrk.o
 .comment       0x000000000000006e       0x6f ./system/src/newlib/_startup.o
 .comment       0x000000000000006e       0x6f ./system/src/newlib/_syscalls.o
 .comment       0x000000000000006e       0x6f ./system/src/newlib/assert.o
 .comment       0x000000000000006e       0x6f ./system/src/diag/Trace.o
 .comment       0x000000000000006e       0x6f ./system/src/diag/trace_impl.o
 .comment       0x000000000000006e       0x6f ./system/src/cortexm/_initialize_hardware.o
 .comment       0x000000000000006e       0x6f ./system/src/cortexm/exception_handlers.o
 .comment       0x000000000000006e       0x6f ./system/src/cmsis/system_stm32f30x.o
 .comment       0x000000000000006e       0x6f ./system/src/cmsis/vectors_stm32f30x.o
 .comment       0x000000000000006e       0x6f ./src/BlinkLed.o
 .comment       0x000000000000006e       0x6f ./src/Timer.o
 .comment       0x000000000000006e       0x6f ./src/main.o

.ARM.attributes
                0x0000000000000000       0x37
 .ARM.attributes
                0x0000000000000000       0x39 ./system/src/stm32f3-stdperiph/stm32f30x_gpio.o
 .ARM.attributes
                0x0000000000000039       0x39 ./system/src/stm32f3-stdperiph/stm32f30x_rcc.o
 .ARM.attributes
                0x0000000000000072       0x39 ./system/src/newlib/_exit.o
 .ARM.attributes
                0x00000000000000ab       0x39 ./system/src/newlib/_sbrk.o
 .ARM.attributes
                0x00000000000000e4       0x39 ./system/src/newlib/_startup.o
 .ARM.attributes
                0x000000000000011d       0x39 ./system/src/newlib/_syscalls.o
 .ARM.attributes
                0x0000000000000156       0x39 ./system/src/newlib/assert.o
 .ARM.attributes
                0x000000000000018f       0x39 ./system/src/diag/Trace.o
 .ARM.attributes
                0x00000000000001c8       0x39 ./system/src/diag/trace_impl.o
 .ARM.attributes
                0x0000000000000201       0x39 ./system/src/cortexm/_initialize_hardware.o
 .ARM.attributes
                0x000000000000023a       0x39 ./system/src/cortexm/exception_handlers.o
 .ARM.attributes
                0x0000000000000273       0x39 ./system/src/cmsis/system_stm32f30x.o
 .ARM.attributes
                0x00000000000002ac       0x39 ./system/src/cmsis/vectors_stm32f30x.o
 .ARM.attributes
                0x00000000000002e5       0x39 ./src/BlinkLed.o
 .ARM.attributes
                0x000000000000031e       0x39 ./src/Timer.o
 .ARM.attributes
                0x0000000000000357       0x39 ./src/main.o
 .ARM.attributes
                0x0000000000000390       0x34 /Users/kostya/Downloads/gcc-arm-none-eabi-5_4-2016q3/bin/../lib/gcc/arm-none-eabi/5.4.1/../../../../arm-none-eabi/lib/armv7e-m/fpu/libg_nano.a(lib_a-errno.o)
 .ARM.attributes
                0x00000000000003c4       0x34 /Users/kostya/Downloads/gcc-arm-none-eabi-5_4-2016q3/bin/../lib/gcc/arm-none-eabi/5.4.1/../../../../arm-none-eabi/lib/armv7e-m/fpu/libg_nano.a(lib_a-impure.o)
 .ARM.attributes
                0x00000000000003f8       0x1b /Users/kostya/Downloads/gcc-arm-none-eabi-5_4-2016q3/bin/../lib/gcc/arm-none-eabi/5.4.1/../../../../arm-none-eabi/lib/armv7e-m/fpu/libg_nano.a(lib_a-strlen.o)
 .ARM.attributes
                0x0000000000000413       0x34 /Users/kostya/Downloads/gcc-arm-none-eabi-5_4-2016q3/bin/../lib/gcc/arm-none-eabi/5.4.1/../../../../arm-none-eabi/lib/armv7e-m/fpu/libg_nano.a(lib_a-vsnprintf.o)
 .ARM.attributes
                0x0000000000000447       0x34 /Users/kostya/Downloads/gcc-arm-none-eabi-5_4-2016q3/bin/../lib/gcc/arm-none-eabi/5.4.1/../../../../arm-none-eabi/lib/armv7e-m/fpu/libg_nano.a(lib_a-nano-svfprintf.o)
 .ARM.attributes
                0x000000000000047b       0x34 /Users/kostya/Downloads/gcc-arm-none-eabi-5_4-2016q3/bin/../lib/gcc/arm-none-eabi/5.4.1/../../../../arm-none-eabi/lib/armv7e-m/fpu/libg_nano.a(lib_a-nano-vfprintf_i.o)
 .ARM.attributes
                0x00000000000004af       0x20 /Users/kostya/Downloads/gcc-arm-none-eabi-5_4-2016q3/bin/../lib/gcc/arm-none-eabi/5.4.1/../../../../arm-none-eabi/lib/armv7e-m/fpu/libg_nano.a(lib_a-memchr.o)
 .ARM.attributes
                0x00000000000004cf       0x34 /Users/kostya/Downloads/gcc-arm-none-eabi-5_4-2016q3/bin/../lib/gcc/arm-none-eabi/5.4.1/../../../../arm-none-eabi/lib/armv7e-m/fpu/libg_nano.a(lib_a-memcpy-stub.o)
 .ARM.attributes
                0x0000000000000503       0x34 /Users/kostya/Downloads/gcc-arm-none-eabi-5_4-2016q3/bin/../lib/gcc/arm-none-eabi/5.4.1/../../../../arm-none-eabi/lib/armv7e-m/fpu/libg_nano.a(lib_a-memmove.o)
 .ARM.attributes
                0x0000000000000537       0x34 /Users/kostya/Downloads/gcc-arm-none-eabi-5_4-2016q3/bin/../lib/gcc/arm-none-eabi/5.4.1/../../../../arm-none-eabi/lib/armv7e-m/fpu/libg_nano.a(lib_a-nano-freer.o)
 .ARM.attributes
                0x000000000000056b       0x34 /Users/kostya/Downloads/gcc-arm-none-eabi-5_4-2016q3/bin/../lib/gcc/arm-none-eabi/5.4.1/../../../../arm-none-eabi/lib/armv7e-m/fpu/libg_nano.a(lib_a-nano-mallocr.o)
 .ARM.attributes
                0x000000000000059f       0x34 /Users/kostya/Downloads/gcc-arm-none-eabi-5_4-2016q3/bin/../lib/gcc/arm-none-eabi/5.4.1/../../../../arm-none-eabi/lib/armv7e-m/fpu/libg_nano.a(lib_a-nano-reallocr.o)
 .ARM.attributes
                0x00000000000005d3       0x34 /Users/kostya/Downloads/gcc-arm-none-eabi-5_4-2016q3/bin/../lib/gcc/arm-none-eabi/5.4.1/../../../../arm-none-eabi/lib/armv7e-m/fpu/libg_nano.a(lib_a-sbrkr.o)
 .ARM.attributes
                0x0000000000000607       0x34 /Users/kostya/Downloads/gcc-arm-none-eabi-5_4-2016q3/bin/../lib/gcc/arm-none-eabi/5.4.1/../../../../arm-none-eabi/lib/armv7e-m/fpu/libg_nano.a(lib_a-mlock.o)
 .ARM.attributes
                0x000000000000063b       0x34 /Users/kostya/Downloads/gcc-arm-none-eabi-5_4-2016q3/bin/../lib/gcc/arm-none-eabi/5.4.1/../../../../arm-none-eabi/lib/armv7e-m/fpu/libg_nano.a(lib_a-nano-msizer.o)

.debug
 *(.debug)

.line
 *(.line)

.debug_srcinfo
 *(.debug_srcinfo)

.debug_sfnames
 *(.debug_sfnames)

.debug_aranges  0x0000000000000000      0x498
 *(.debug_aranges)
 .debug_aranges
                0x0000000000000000       0x80 ./system/src/stm32f3-stdperiph/stm32f30x_gpio.o
 .debug_aranges
                0x0000000000000080      0x150 ./system/src/stm32f3-stdperiph/stm32f30x_rcc.o
 .debug_aranges
                0x00000000000001d0       0x28 ./system/src/newlib/_exit.o
 .debug_aranges
                0x00000000000001f8       0x20 ./system/src/newlib/_sbrk.o
 .debug_aranges
                0x0000000000000218       0x40 ./system/src/newlib/_startup.o
 .debug_aranges
                0x0000000000000258       0x30 ./system/src/newlib/_syscalls.o
 .debug_aranges
                0x0000000000000288       0x28 ./system/src/newlib/assert.o
 .debug_aranges
                0x00000000000002b0       0x38 ./system/src/diag/Trace.o
 .debug_aranges
                0x00000000000002e8       0x30 ./system/src/diag/trace_impl.o
 .debug_aranges
                0x0000000000000318       0x28 ./system/src/cortexm/_initialize_hardware.o
 .debug_aranges
                0x0000000000000340       0x90 ./system/src/cortexm/exception_handlers.o
 .debug_aranges
                0x00000000000003d0       0x30 ./system/src/cmsis/system_stm32f30x.o
 .debug_aranges
                0x0000000000000400       0x20 ./system/src/cmsis/vectors_stm32f30x.o
 .debug_aranges
                0x0000000000000420       0x20 ./src/BlinkLed.o
 .debug_aranges
                0x0000000000000440       0x38 ./src/Timer.o
 .debug_aranges
                0x0000000000000478       0x20 ./src/main.o

.debug_pubnames
 *(.debug_pubnames)

.debug_info     0x0000000000000000     0x481e
 *(.debug_info .gnu.linkonce.wi.*)
 .debug_info    0x0000000000000000      0xa34 ./system/src/stm32f3-stdperiph/stm32f30x_gpio.o
 .debug_info    0x0000000000000a34      0xf79 ./system/src/stm32f3-stdperiph/stm32f30x_rcc.o
 .debug_info    0x00000000000019ad       0xef ./system/src/newlib/_exit.o
 .debug_info    0x0000000000001a9c      0x11f ./system/src/newlib/_sbrk.o
 .debug_info    0x0000000000001bbb      0x4f2 ./system/src/newlib/_startup.o
 .debug_info    0x00000000000020ad      0x1c7 ./system/src/newlib/_syscalls.o
 .debug_info    0x0000000000002274      0x1a3 ./system/src/newlib/assert.o
 .debug_info    0x0000000000002417      0x2e7 ./system/src/diag/Trace.o
 .debug_info    0x00000000000026fe      0x30b ./system/src/diag/trace_impl.o
 .debug_info    0x0000000000002a09      0x2b1 ./system/src/cortexm/_initialize_hardware.o
 .debug_info    0x0000000000002cba      0x8f4 ./system/src/cortexm/exception_handlers.o
 .debug_info    0x00000000000035ae      0x4a9 ./system/src/cmsis/system_stm32f30x.o
 .debug_info    0x0000000000003a57       0xd1 ./system/src/cmsis/vectors_stm32f30x.o
 .debug_info    0x0000000000003b28      0x350 ./src/BlinkLed.o
 .debug_info    0x0000000000003e78      0x6c0 ./src/Timer.o
 .debug_info    0x0000000000004538      0x2e6 ./src/main.o

.debug_abbrev   0x0000000000000000     0x152e
 *(.debug_abbrev)
 .debug_abbrev  0x0000000000000000      0x1e7 ./system/src/stm32f3-stdperiph/stm32f30x_gpio.o
 .debug_abbrev  0x00000000000001e7      0x221 ./system/src/stm32f3-stdperiph/stm32f30x_rcc.o
 .debug_abbrev  0x0000000000000408       0x8e ./system/src/newlib/_exit.o
 .debug_abbrev  0x0000000000000496       0xb9 ./system/src/newlib/_sbrk.o
 .debug_abbrev  0x000000000000054f      0x1b6 ./system/src/newlib/_startup.o
 .debug_abbrev  0x0000000000000705       0xec ./system/src/newlib/_syscalls.o
 .debug_abbrev  0x00000000000007f1       0xab ./system/src/newlib/assert.o
 .debug_abbrev  0x000000000000089c      0x156 ./system/src/diag/Trace.o
 .debug_abbrev  0x00000000000009f2      0x1c8 ./system/src/diag/trace_impl.o
 .debug_abbrev  0x0000000000000bba       0xea ./system/src/cortexm/_initialize_hardware.o
 .debug_abbrev  0x0000000000000ca4      0x247 ./system/src/cortexm/exception_handlers.o
 .debug_abbrev  0x0000000000000eeb      0x13f ./system/src/cmsis/system_stm32f30x.o
 .debug_abbrev  0x000000000000102a       0x9d ./system/src/cmsis/vectors_stm32f30x.o
 .debug_abbrev  0x00000000000010c7      0x15f ./src/BlinkLed.o
 .debug_abbrev  0x0000000000001226      0x1c0 ./src/Timer.o
 .debug_abbrev  0x00000000000013e6      0x148 ./src/main.o

.debug_line     0x0000000000000000     0x48ad
 *(.debug_line)
 .debug_line    0x0000000000000000      0x73d ./system/src/stm32f3-stdperiph/stm32f30x_gpio.o
 .debug_line    0x000000000000073d      0xa53 ./system/src/stm32f3-stdperiph/stm32f30x_rcc.o
 .debug_line    0x0000000000001190      0x32d ./system/src/newlib/_exit.o
 .debug_line    0x00000000000014bd      0x2de ./system/src/newlib/_sbrk.o
 .debug_line    0x000000000000179b      0x3a6 ./system/src/newlib/_startup.o
 .debug_line    0x0000000000001b41      0x3f5 ./system/src/newlib/_syscalls.o
 .debug_line    0x0000000000001f36      0x368 ./system/src/newlib/assert.o
 .debug_line    0x000000000000229e      0x39b ./system/src/diag/Trace.o
 .debug_line    0x0000000000002639      0x61f ./system/src/diag/trace_impl.o
 .debug_line    0x0000000000002c58      0x37e ./system/src/cortexm/_initialize_hardware.o
 .debug_line    0x0000000000002fd6      0x6c8 ./system/src/cortexm/exception_handlers.o
 .debug_line    0x000000000000369e      0x3bc ./system/src/cmsis/system_stm32f30x.o
 .debug_line    0x0000000000003a5a       0xff ./system/src/cmsis/vectors_stm32f30x.o
 .debug_line    0x0000000000003b59      0x35a ./src/BlinkLed.o
 .debug_line    0x0000000000003eb3      0x3d0 ./src/Timer.o
 .debug_line    0x0000000000004283      0x62a ./src/main.o

.debug_frame    0x0000000000000000      0xd0c
 *(.debug_frame)
 .debug_frame   0x0000000000000000      0x164 ./system/src/stm32f3-stdperiph/stm32f30x_gpio.o
 .debug_frame   0x0000000000000164      0x3cc ./system/src/stm32f3-stdperiph/stm32f30x_rcc.o
 .debug_frame   0x0000000000000530       0x38 ./system/src/newlib/_exit.o
 .debug_frame   0x0000000000000568       0x28 ./system/src/newlib/_sbrk.o
 .debug_frame   0x0000000000000590       0x7c ./system/src/newlib/_startup.o
 .debug_frame   0x000000000000060c       0x50 ./system/src/newlib/_syscalls.o
 .debug_frame   0x000000000000065c       0x40 ./system/src/newlib/assert.o
 .debug_frame   0x000000000000069c       0x94 ./system/src/diag/Trace.o
 .debug_frame   0x0000000000000730       0x60 ./system/src/diag/trace_impl.o
 .debug_frame   0x0000000000000790       0x40 ./system/src/cortexm/_initialize_hardware.o
 .debug_frame   0x00000000000007d0      0x158 ./system/src/cortexm/exception_handlers.o
 .debug_frame   0x0000000000000928       0x50 ./system/src/cmsis/system_stm32f30x.o
 .debug_frame   0x0000000000000978       0x20 ./system/src/cmsis/vectors_stm32f30x.o
 .debug_frame   0x0000000000000998       0x30 ./src/BlinkLed.o
 .debug_frame   0x00000000000009c8       0x58 ./src/Timer.o
 .debug_frame   0x0000000000000a20       0x28 ./src/main.o
 .debug_frame   0x0000000000000a48       0x20 /Users/kostya/Downloads/gcc-arm-none-eabi-5_4-2016q3/bin/../lib/gcc/arm-none-eabi/5.4.1/../../../../arm-none-eabi/lib/armv7e-m/fpu/libg_nano.a(lib_a-errno.o)
 .debug_frame   0x0000000000000a68       0x48 /Users/kostya/Downloads/gcc-arm-none-eabi-5_4-2016q3/bin/../lib/gcc/arm-none-eabi/5.4.1/../../../../arm-none-eabi/lib/armv7e-m/fpu/libg_nano.a(lib_a-vsnprintf.o)
 .debug_frame   0x0000000000000ab0       0x90 /Users/kostya/Downloads/gcc-arm-none-eabi-5_4-2016q3/bin/../lib/gcc/arm-none-eabi/5.4.1/../../../../arm-none-eabi/lib/armv7e-m/fpu/libg_nano.a(lib_a-nano-svfprintf.o)
 .debug_frame   0x0000000000000b40       0x60 /Users/kostya/Downloads/gcc-arm-none-eabi-5_4-2016q3/bin/../lib/gcc/arm-none-eabi/5.4.1/../../../../arm-none-eabi/lib/armv7e-m/fpu/libg_nano.a(lib_a-nano-vfprintf_i.o)
 .debug_frame   0x0000000000000ba0       0x28 /Users/kostya/Downloads/gcc-arm-none-eabi-5_4-2016q3/bin/../lib/gcc/arm-none-eabi/5.4.1/../../../../arm-none-eabi/lib/armv7e-m/fpu/libg_nano.a(lib_a-memcpy-stub.o)
 .debug_frame   0x0000000000000bc8       0x28 /Users/kostya/Downloads/gcc-arm-none-eabi-5_4-2016q3/bin/../lib/gcc/arm-none-eabi/5.4.1/../../../../arm-none-eabi/lib/armv7e-m/fpu/libg_nano.a(lib_a-memmove.o)
 .debug_frame   0x0000000000000bf0       0x38 /Users/kostya/Downloads/gcc-arm-none-eabi-5_4-2016q3/bin/../lib/gcc/arm-none-eabi/5.4.1/../../../../arm-none-eabi/lib/armv7e-m/fpu/libg_nano.a(lib_a-nano-freer.o)
 .debug_frame   0x0000000000000c28       0x2c /Users/kostya/Downloads/gcc-arm-none-eabi-5_4-2016q3/bin/../lib/gcc/arm-none-eabi/5.4.1/../../../../arm-none-eabi/lib/armv7e-m/fpu/libg_nano.a(lib_a-nano-mallocr.o)
 .debug_frame   0x0000000000000c54       0x3c /Users/kostya/Downloads/gcc-arm-none-eabi-5_4-2016q3/bin/../lib/gcc/arm-none-eabi/5.4.1/../../../../arm-none-eabi/lib/armv7e-m/fpu/libg_nano.a(lib_a-nano-reallocr.o)
 .debug_frame   0x0000000000000c90       0x2c /Users/kostya/Downloads/gcc-arm-none-eabi-5_4-2016q3/bin/../lib/gcc/arm-none-eabi/5.4.1/../../../../arm-none-eabi/lib/armv7e-m/fpu/libg_nano.a(lib_a-sbrkr.o)
 .debug_frame   0x0000000000000cbc       0x30 /Users/kostya/Downloads/gcc-arm-none-eabi-5_4-2016q3/bin/../lib/gcc/arm-none-eabi/5.4.1/../../../../arm-none-eabi/lib/armv7e-m/fpu/libg_nano.a(lib_a-mlock.o)
 .debug_frame   0x0000000000000cec       0x20 /Users/kostya/Downloads/gcc-arm-none-eabi-5_4-2016q3/bin/../lib/gcc/arm-none-eabi/5.4.1/../../../../arm-none-eabi/lib/armv7e-m/fpu/libg_nano.a(lib_a-nano-msizer.o)

.debug_str      0x0000000000000000    0x5b550
 *(.debug_str)
 .debug_str     0x0000000000000000    0x535ec ./system/src/stm32f3-stdperiph/stm32f30x_gpio.o
                                      0x537aa (size before relaxing)
 .debug_str     0x00000000000535ec      0xa72 ./system/src/stm32f3-stdperiph/stm32f30x_rcc.o
                                      0x53f48 (size before relaxing)
 .debug_str     0x000000000005405e     0x482f ./system/src/newlib/_exit.o
                                       0x6f15 (size before relaxing)
 .debug_str     0x000000000005888d      0x4de ./system/src/newlib/_sbrk.o
                                       0x6300 (size before relaxing)
 .debug_str     0x0000000000058d6b      0x2cc ./system/src/newlib/_startup.o
                                       0x5f1b (size before relaxing)
 .debug_str     0x0000000000059037      0xe18 ./system/src/newlib/_syscalls.o
                                       0x7160 (size before relaxing)
 .debug_str     0x0000000000059e4f       0xd5 ./system/src/newlib/assert.o
                                       0x7a1a (size before relaxing)
 .debug_str     0x0000000000059f24      0x883 ./system/src/diag/Trace.o
                                       0x7705 (size before relaxing)
 .debug_str     0x000000000005a7a7      0x381 ./system/src/diag/trace_impl.o
                                      0x5739c (size before relaxing)
 .debug_str     0x000000000005ab28       0xb2 ./system/src/cortexm/_initialize_hardware.o
                                      0x53556 (size before relaxing)
 .debug_str     0x000000000005abda      0x19d ./system/src/cortexm/exception_handlers.o
                                      0x5815e (size before relaxing)
 .debug_str     0x000000000005ad77       0x7b ./system/src/cmsis/system_stm32f30x.o
                                      0x535f7 (size before relaxing)
 .debug_str     0x000000000005adf2       0x57 ./system/src/cmsis/vectors_stm32f30x.o
                                       0x30d0 (size before relaxing)
 .debug_str     0x000000000005ae49      0x12e ./src/BlinkLed.o
                                      0x53757 (size before relaxing)
 .debug_str     0x000000000005af77      0x534 ./src/Timer.o
                                      0x53a7e (size before relaxing)
 .debug_str     0x000000000005b4ab       0xa5 ./src/main.o
                                      0x586cf (size before relaxing)

.debug_loc      0x0000000000000000     0x1d69
 *(.debug_loc)
 .debug_loc     0x0000000000000000      0x4d7 ./system/src/stm32f3-stdperiph/stm32f30x_gpio.o
 .debug_loc     0x00000000000004d7      0xc50 ./system/src/stm32f3-stdperiph/stm32f30x_rcc.o
 .debug_loc     0x0000000000001127       0x82 ./system/src/newlib/_sbrk.o
 .debug_loc     0x00000000000011a9      0x36e ./system/src/newlib/_startup.o
 .debug_loc     0x0000000000001517       0x63 ./system/src/newlib/_syscalls.o
 .debug_loc     0x000000000000157a      0x110 ./system/src/newlib/assert.o
 .debug_loc     0x000000000000168a      0x102 ./system/src/diag/Trace.o
 .debug_loc     0x000000000000178c      0x17c ./system/src/diag/trace_impl.o
 .debug_loc     0x0000000000001908      0x2a8 ./system/src/cortexm/exception_handlers.o
 .debug_loc     0x0000000000001bb0       0xff ./system/src/cmsis/system_stm32f30x.o
 .debug_loc     0x0000000000001caf       0x59 ./src/Timer.o
 .debug_loc     0x0000000000001d08       0x61 ./src/main.o

.debug_macinfo
 *(.debug_macinfo)

.debug_weaknames
 *(.debug_weaknames)

.debug_funcnames
 *(.debug_funcnames)

.debug_typenames
 *(.debug_typenames)

.debug_varnames
 *(.debug_varnames)
OUTPUT(myblink.elf elf32-littlearm)

.debug_ranges   0x0000000000000000      0x3c8
 .debug_ranges  0x0000000000000000       0x70 ./system/src/stm32f3-stdperiph/stm32f30x_gpio.o
 .debug_ranges  0x0000000000000070      0x140 ./system/src/stm32f3-stdperiph/stm32f30x_rcc.o
 .debug_ranges  0x00000000000001b0       0x18 ./system/src/newlib/_exit.o
 .debug_ranges  0x00000000000001c8       0x10 ./system/src/newlib/_sbrk.o
 .debug_ranges  0x00000000000001d8       0x30 ./system/src/newlib/_startup.o
 .debug_ranges  0x0000000000000208       0x20 ./system/src/newlib/_syscalls.o
 .debug_ranges  0x0000000000000228       0x18 ./system/src/newlib/assert.o
 .debug_ranges  0x0000000000000240       0x28 ./system/src/diag/Trace.o
 .debug_ranges  0x0000000000000268       0x38 ./system/src/diag/trace_impl.o
 .debug_ranges  0x00000000000002a0       0x18 ./system/src/cortexm/_initialize_hardware.o
 .debug_ranges  0x00000000000002b8       0x98 ./system/src/cortexm/exception_handlers.o
 .debug_ranges  0x0000000000000350       0x20 ./system/src/cmsis/system_stm32f30x.o
 .debug_ranges  0x0000000000000370       0x10 ./system/src/cmsis/vectors_stm32f30x.o
 .debug_ranges  0x0000000000000380       0x10 ./src/BlinkLed.o
 .debug_ranges  0x0000000000000390       0x28 ./src/Timer.o
 .debug_ranges  0x00000000000003b8       0x10 ./src/main.o

.debug_macro    0x0000000000000000    0x10c16
 .debug_macro   0x0000000000000000      0x16c ./system/src/stm32f3-stdperiph/stm32f30x_gpio.o
 .debug_macro   0x000000000000016c      0x8a4 ./system/src/stm32f3-stdperiph/stm32f30x_gpio.o
 .debug_macro   0x0000000000000a10       0x6e ./system/src/stm32f3-stdperiph/stm32f30x_gpio.o
 .debug_macro   0x0000000000000a7e      0x34e ./system/src/stm32f3-stdperiph/stm32f30x_gpio.o
 .debug_macro   0x0000000000000dcc       0x35 ./system/src/stm32f3-stdperiph/stm32f30x_gpio.o
 .debug_macro   0x0000000000000e01       0x50 ./system/src/stm32f3-stdperiph/stm32f30x_gpio.o
 .debug_macro   0x0000000000000e51      0xe66 ./system/src/stm32f3-stdperiph/stm32f30x_gpio.o
 .debug_macro   0x0000000000001cb7     0x769b ./system/src/stm32f3-stdperiph/stm32f30x_gpio.o
 .debug_macro   0x0000000000009352      0x5a6 ./system/src/stm32f3-stdperiph/stm32f30x_gpio.o
 .debug_macro   0x00000000000098f8      0x3cf ./system/src/stm32f3-stdperiph/stm32f30x_gpio.o
 .debug_macro   0x0000000000009cc7       0x46 ./system/src/stm32f3-stdperiph/stm32f30x_gpio.o
 .debug_macro   0x0000000000009d0d      0x231 ./system/src/stm32f3-stdperiph/stm32f30x_gpio.o
 .debug_macro   0x0000000000009f3e      0x196 ./system/src/stm32f3-stdperiph/stm32f30x_gpio.o
 .debug_macro   0x000000000000a0d4       0x8e ./system/src/stm32f3-stdperiph/stm32f30x_gpio.o
 .debug_macro   0x000000000000a162      0x3a9 ./system/src/stm32f3-stdperiph/stm32f30x_gpio.o
 .debug_macro   0x000000000000a50b      0x116 ./system/src/stm32f3-stdperiph/stm32f30x_gpio.o
 .debug_macro   0x000000000000a621      0x1e4 ./system/src/stm32f3-stdperiph/stm32f30x_gpio.o
 .debug_macro   0x000000000000a805      0x1df ./system/src/stm32f3-stdperiph/stm32f30x_gpio.o
 .debug_macro   0x000000000000a9e4      0x29a ./system/src/stm32f3-stdperiph/stm32f30x_gpio.o
 .debug_macro   0x000000000000ac7e       0x70 ./system/src/stm32f3-stdperiph/stm32f30x_gpio.o
 .debug_macro   0x000000000000acee      0x10c ./system/src/stm32f3-stdperiph/stm32f30x_gpio.o
 .debug_macro   0x000000000000adfa       0xb8 ./system/src/stm32f3-stdperiph/stm32f30x_gpio.o
 .debug_macro   0x000000000000aeb2      0x5c6 ./system/src/stm32f3-stdperiph/stm32f30x_gpio.o
 .debug_macro   0x000000000000b478      0x551 ./system/src/stm32f3-stdperiph/stm32f30x_gpio.o
 .debug_macro   0x000000000000b9c9      0x3ac ./system/src/stm32f3-stdperiph/stm32f30x_gpio.o
 .debug_macro   0x000000000000bd75      0x8d8 ./system/src/stm32f3-stdperiph/stm32f30x_gpio.o
 .debug_macro   0x000000000000c64d      0x364 ./system/src/stm32f3-stdperiph/stm32f30x_gpio.o
 .debug_macro   0x000000000000c9b1       0x34 ./system/src/stm32f3-stdperiph/stm32f30x_gpio.o
 .debug_macro   0x000000000000c9e5       0x89 ./system/src/stm32f3-stdperiph/stm32f30x_gpio.o
 .debug_macro   0x000000000000ca6e       0x35 ./system/src/stm32f3-stdperiph/stm32f30x_gpio.o
 .debug_macro   0x000000000000caa3      0x1b0 ./system/src/stm32f3-stdperiph/stm32f30x_gpio.o
 .debug_macro   0x000000000000cc53      0x209 ./system/src/stm32f3-stdperiph/stm32f30x_rcc.o
 .debug_macro   0x000000000000ce5c      0x1b6 ./system/src/stm32f3-stdperiph/stm32f30x_rcc.o
 .debug_macro   0x000000000000d012      0x5c0 ./system/src/stm32f3-stdperiph/stm32f30x_rcc.o
 .debug_macro   0x000000000000d5d2      0x19c ./system/src/newlib/_exit.o
 .debug_macro   0x000000000000d76e       0x9c ./system/src/newlib/_exit.o
 .debug_macro   0x000000000000d80a      0x10e ./system/src/newlib/_exit.o
 .debug_macro   0x000000000000d918       0x8d ./system/src/newlib/_exit.o
 .debug_macro   0x000000000000d9a5       0x43 ./system/src/newlib/_exit.o
 .debug_macro   0x000000000000d9e8      0x30d ./system/src/newlib/_exit.o
 .debug_macro   0x000000000000dcf5       0x35 ./system/src/newlib/_exit.o
 .debug_macro   0x000000000000dd2a      0x151 ./system/src/newlib/_sbrk.o
 .debug_macro   0x000000000000de7b      0x174 ./system/src/newlib/_sbrk.o
 .debug_macro   0x000000000000dfef       0x10 ./system/src/newlib/_sbrk.o
 .debug_macro   0x000000000000dfff      0x23b ./system/src/newlib/_sbrk.o
 .debug_macro   0x000000000000e23a      0x15b ./system/src/newlib/_startup.o
 .debug_macro   0x000000000000e395      0x8aa ./system/src/newlib/_startup.o
 .debug_macro   0x000000000000ec3f      0x1ff ./system/src/newlib/_syscalls.o
 .debug_macro   0x000000000000ee3e       0x1c ./system/src/newlib/_syscalls.o
 .debug_macro   0x000000000000ee5a       0x10 ./system/src/newlib/_syscalls.o
 .debug_macro   0x000000000000ee6a       0x10 ./system/src/newlib/_syscalls.o
 .debug_macro   0x000000000000ee7a       0x10 ./system/src/newlib/_syscalls.o
 .debug_macro   0x000000000000ee8a       0x35 ./system/src/newlib/_syscalls.o
 .debug_macro   0x000000000000eebf      0x122 ./system/src/newlib/_syscalls.o
 .debug_macro   0x000000000000efe1       0x88 ./system/src/newlib/_syscalls.o
 .debug_macro   0x000000000000f069       0x2b ./system/src/newlib/_syscalls.o
 .debug_macro   0x000000000000f094      0x118 ./system/src/newlib/_syscalls.o
 .debug_macro   0x000000000000f1ac      0x159 ./system/src/newlib/_syscalls.o
 .debug_macro   0x000000000000f305       0x16 ./system/src/newlib/_syscalls.o
 .debug_macro   0x000000000000f31b      0x1b8 ./system/src/newlib/assert.o
 .debug_macro   0x000000000000f4d3       0x1c ./system/src/newlib/assert.o
 .debug_macro   0x000000000000f4ef      0x1d9 ./system/src/diag/Trace.o
 .debug_macro   0x000000000000f6c8       0x16 ./system/src/diag/Trace.o
 .debug_macro   0x000000000000f6de       0x97 ./system/src/diag/Trace.o
 .debug_macro   0x000000000000f775       0xfd ./system/src/diag/Trace.o
 .debug_macro   0x000000000000f872       0x10 ./system/src/diag/Trace.o
 .debug_macro   0x000000000000f882       0x16 ./system/src/diag/Trace.o
 .debug_macro   0x000000000000f898      0x18b ./system/src/diag/Trace.o
 .debug_macro   0x000000000000fa23       0x4c ./system/src/diag/Trace.o
 .debug_macro   0x000000000000fa6f       0x16 ./system/src/diag/Trace.o
 .debug_macro   0x000000000000fa85      0x2c3 ./system/src/diag/trace_impl.o
 .debug_macro   0x000000000000fd48       0x10 ./system/src/diag/trace_impl.o
 .debug_macro   0x000000000000fd58       0xcf ./system/src/diag/trace_impl.o
 .debug_macro   0x000000000000fe27       0xbe ./system/src/diag/trace_impl.o
 .debug_macro   0x000000000000fee5       0x22 ./system/src/diag/trace_impl.o
 .debug_macro   0x000000000000ff07      0x16c ./system/src/cortexm/_initialize_hardware.o
 .debug_macro   0x0000000000010073      0x303 ./system/src/cortexm/exception_handlers.o
 .debug_macro   0x0000000000010376       0x3b ./system/src/cortexm/exception_handlers.o
 .debug_macro   0x00000000000103b1       0x10 ./system/src/cortexm/exception_handlers.o
 .debug_macro   0x00000000000103c1      0x168 ./system/src/cmsis/system_stm32f30x.o
 .debug_macro   0x0000000000010529       0x34 ./system/src/cmsis/vectors_stm32f30x.o
 .debug_macro   0x000000000001055d      0x171 ./src/BlinkLed.o
 .debug_macro   0x00000000000106ce       0x28 ./src/BlinkLed.o
 .debug_macro   0x00000000000106f6      0x185 ./src/Timer.o
 .debug_macro   0x000000000001087b       0x10 ./src/Timer.o
 .debug_macro   0x000000000001088b      0x35d ./src/main.o
 .debug_macro   0x0000000000010be8       0x2e ./src/main.o
